D-cache statistics: Accesses=9, Hit=2, Miss=7, Hit Rate=0.22
memory[0x10100] = 0x10