D-cache statistics: Accesses=8, Hit=3, Miss=5, Hit Rate=0.375
memory[0x10008] = 0x0
memory[0x10008] = 0x10