D-cache statistics: Accesses=8, Hit=1, Miss=7, Hit Rate=0.125