D-cache statistics: Accesses=9, Hit=3, Miss=6, Hit Rate=0.33
memory[0x10100] = 0x0
memory[0x10100] = 0x10