D-cache statistics: Accesses=15, Hit=5, Miss=10, Hit Rate=0.3333
