D-cache statistics: Accesses=8, Hit=4, Miss=4, Hit Rate=0.5