D-cache statistics: Accesses=21, Hit=9, Miss=12, Hit Rate=0.4285
