D-cache statistics: Accesses=8, Hit=2, Miss=6, Hit Rate=0.25