Executed ... PC=...
Executed ... PC=...
Executed ... PC=...
Executed ... PC=...
Executed ... PC=...
Executed ... PC=...
D-cache statistics: Accesses=5, Hit=2, Miss=3, Hit Rate=0.40
