D-cache statistics: Accesses=21, Hit=10, Miss=11, Hit Rate=0.47619
